com\mycompany\sudoko_solverr\Sudokofile$53.class
com\mycompany\sudoko_solverr\Sudokofile$2.class
com\mycompany\sudoko_solverr\Sudokofile$63.class
com\mycompany\sudoko_solverr\Sudokofile$13.class
com\mycompany\sudoko_solverr\Sudokofile$23.class
com\mycompany\sudoko_solverr\Sudokofile$33.class
com\mycompany\sudoko_solverr\Sudokofile$43.class
com\mycompany\sudoko_solverr\Sudokofile$76.class
com\mycompany\sudoko_solverr\Sudokofile$9.class
com\mycompany\sudoko_solverr\Sudokofile$56.class
com\mycompany\sudoko_solverr\Sudokofile$66.class
com\mycompany\sudoko_solverr\Sudokofile$86.class
com\mycompany\sudoko_solverr\Sudokofile$5.class
com\mycompany\sudoko_solverr\Sudokofile$17.class
com\mycompany\sudoko_solverr\Sudokofile$36.class
com\mycompany\sudoko_solverr\Sudokofile$46.class
com\mycompany\sudoko_solverr\Sudokofile$27.class
com\mycompany\sudoko_solverr\Sudokofile$37.class
com\mycompany\sudoko_solverr\Sudokofile$69.class
com\mycompany\sudoko_solverr\Sudokofile$79.class
com\mycompany\sudoko_solverr\Sudokofile$89.class
com\mycompany\sudoko_solverr\Sudokofile$14.class
com\mycompany\sudoko_solverr\Sudokofile$62.class
com\mycompany\sudoko_solverr\Sudokofile.class
com\mycompany\sudoko_solverr\Sudokofile$39.class
com\mycompany\sudoko_solverr\Sudokofile$59.class
com\mycompany\sudoko_solverr\Sudokofile$90.class
com\mycompany\sudoko_solverr\Sudokofile$77.class
com\mycompany\sudoko_solverr\Sudokofile$6.class
com\mycompany\sudoko_solverr\Sudokofile$22.class
com\mycompany\sudoko_solverr\Sudokofile$57.class
com\mycompany\sudoko_solverr\Sudokofile$42.class
com\mycompany\sudoko_solverr\Sudokofile$16.class
com\mycompany\sudoko_solverr\Sudokofile$82.class
com\mycompany\sudoko_solverr\Sudokofile$65.class
com\mycompany\sudoko_solverr\Sudokofile$30.class
com\mycompany\sudoko_solverr\Sudokofile$45.class
com\mycompany\sudoko_solverr\Sudokofile$85.class
com\mycompany\sudoko_solverr\Sudokofile$70.class
com\mycompany\sudoko_solverr\Sudokofile$73.class
com\mycompany\sudoko_solverr\Sudokofile$25.class
com\mycompany\sudoko_solverr\Sudokofile$28.class
com\mycompany\sudoko_solverr\Sudokofile$48.class
com\mycompany\sudoko_solverr\Sudokofile$50.class
com\mycompany\sudoko_solverr\Sudokofile$88.class
com\mycompany\sudoko_solverr\Sudokofile$10.class
com\mycompany\sudoko_solverr\Sudokofile$3.class
com\mycompany\sudoko_solverr\Sudokofile$68.class
com\mycompany\sudoko_solverr\Sudokofile$81.class
com\mycompany\sudoko_solverr\Sudokofile$7.class
com\mycompany\sudoko_solverr\Sudokofile$58.class
com\mycompany\sudoko_solverr\Sudokofile$78.class
com\mycompany\sudoko_solverr\Sudokofile$91.class
com\mycompany\sudoko_solverr\Sudokofile$15.class
com\mycompany\sudoko_solverr\Sudokofile$61.class
com\mycompany\sudoko_solverr\Sudokofile$71.class
com\mycompany\sudoko_solverr\Sudokofile$41.class
com\mycompany\sudoko_solverr\Sudokofile$51.class
com\mycompany\sudoko_solverr\Sudokofile$11.class
com\mycompany\sudoko_solverr\Sudokofile$4.class
com\mycompany\sudoko_solverr\Sudokofile$21.class
com\mycompany\sudoko_solverr\Sudokofile$31.class
com\mycompany\sudoko_solverr\Sudokofile$19.class
com\mycompany\sudoko_solverr\Sudokofile$29.class
com\mycompany\sudoko_solverr\Sudokofile$34.class
com\mycompany\sudoko_solverr\Sudokofile$24.class
com\mycompany\sudoko_solverr\Sudokofile$44.class
com\mycompany\sudoko_solverr\Sudokofile$54.class
com\mycompany\sudoko_solverr\Sudokofile$64.class
com\mycompany\sudoko_solverr\Sudokofile$74.class
com\mycompany\sudoko_solverr\Sudokofile$84.class
com\mycompany\sudoko_solverr\Sudokofile$1.class
com\mycompany\sudoko_solverr\Sudokofile$87.class
com\mycompany\sudoko_solverr\Sudokofile$49.class
com\mycompany\sudoko_solverr\Sudokofile$67.class
com\mycompany\sudoko_solverr\Sudokofile$8.class
com\mycompany\sudoko_solverr\Sudokofile$92.class
com\mycompany\sudoko_solverr\Sudokofile$47.class
com\mycompany\sudoko_solverr\Sudokofile$26.class
com\mycompany\sudoko_solverr\Sudokofile$72.class
com\mycompany\sudoko_solverr\Sudokofile$12.class
com\mycompany\sudoko_solverr\Sudokofile$32.class
com\mycompany\sudoko_solverr\Sudokofile$52.class
com\mycompany\sudoko_solverr\Sudokofile$40.class
com\mycompany\sudoko_solverr\Sudokofile$35.class
com\mycompany\sudoko_solverr\Sudokofile$55.class
com\mycompany\sudoko_solverr\Sudokofile$75.class
com\mycompany\sudoko_solverr\Sudokofile$83.class
com\mycompany\sudoko_solverr\Sudokofile$60.class
com\mycompany\sudoko_solverr\Sudokofile$80.class
com\mycompany\sudoko_solverr\Sudokofile$18.class
com\mycompany\sudoko_solverr\Sudokofile$38.class
com\mycompany\sudoko_solverr\Sudokofile$20.class
